#./src/main/resources/Entities.map
#Wed Feb 20 11:05:01 CET 2019
socialProfile17=229
socialProfile16=228
socialProfile15=220
socialProfile14=219
socialProfile13=211
socialProfile12=210
socialProfile11=202
socialProfile10=201
procession4=245
procession3=244
procession2=243
procession1=242
brotherhood4=186
trashBoxBrotherhood4=189
outBoxAdmin3=158
brotherhood3=178
finder4=222
trashBoxBrotherhood3=181
outBoxAdmin2=152
brotherhood2=170
finder3=213
trashBoxBrotherhood2=173
outBoxAdmin1=145
brotherhood1=162
finder2=204
trashBoxBrotherhood1=165
finder1=195
spamBoxMember4=226
spamBoxMember3=217
spamBoxMember2=208
spamBoxMember1=199
trashBoxAdmin3=159
spamBoxBrotherhood4=190
trashBoxAdmin2=153
spamBoxBrotherhood3=182
trashBoxAdmin1=146
spamBoxBrotherhood2=174
spamBoxBrotherhood1=166
float6=241
float5=240
userAccount11=142
float4=239
userAccount10=141
float3=238
float2=237
float1=236
socialProfile9=193
socialProfile8=192
member4=221
socialProfile7=185
member3=212
socialProfile6=184
member2=203
socialProfile5=177
member1=194
socialProfile4=176
socialProfile3=169
notificationBoxBrotherhood4=191
socialProfile2=168
notificationBoxBrotherhood3=183
socialProfile1=149
notificationBoxBrotherhood2=175
spamBoxAdmin3=160
notificationBoxBrotherhood1=167
spamBoxAdmin2=154
spamBoxAdmin1=147
inBoxBrotherhood4=187
inBoxBrotherhood3=179
inBoxBrotherhood2=171
inBoxBrotherhood1=163
area3=235
area2=234
area1=233
inBoxMember4=223
notificationBoxMember4=227
inBoxMember3=214
notificationBoxMember3=218
inBoxMember2=205
notificationBoxMember2=209
inBoxMember1=196
notificationBoxMember1=200
outBoxBrotherhood4=188
outBoxBrotherhood3=180
outBoxBrotherhood2=172
outBoxBrotherhood1=164
inBoxAdmin3=157
inBoxAdmin2=151
inBoxAdmin1=144
enrolment9=254
enrolment8=253
enrolment7=252
enrolment6=251
enrolment5=250
enrolment4=249
admin3=156
request6=260
enrolment3=248
admin2=150
request5=259
enrolment2=247
admin1=143
request4=258
enrolment1=246
request3=257
request2=256
request1=255
trashBoxMember4=225
trashBoxMember3=216
outBoxMember4=224
trashBoxMember2=207
outBoxMember3=215
trashBoxMember1=198
outBoxMember2=206
message3=232
outBoxMember1=197
message2=231
message1=230
notificationBoxAdmin3=161
notificationBoxAdmin2=155
notificationBoxAdmin1=148
userAccount9=140
userAccount8=139
userAccount7=138
userAccount6=137
userAccount5=136
userAccount4=135
userAccount3=134
userAccount2=133
configuration=131
userAccount1=132
